// Jest Snapshot v1, https://goo.gl/fbAQLP

exports[`Home matches snapshot 1`] = `
<div>
  <main>
    <p
      class="sc-39241fac-0 kdKRIR"
    >
      nextjs-typescript-styled-component-starter
       at version 
      1.0.1
    </p>
  </main>
</div>
`;
